// Jest Snapshot v1, https://goo.gl/fbAQLP

exports[`RnpExample callABC 1`] = `
{
  "a": "real A_basicMethod-0.613904698364715",
  "b": "337111",
  "c": Any<String>,
}
`;

exports[`RnpExample callB_superJsonMethod 1`] = `
{
  "b": "824836",
}
`;

exports[`RnpExample callBUnloaded_Mocked 1`] = `
{
  "error": "InternalServerError",
  "message": "Failed to callSuperJsonMethod: Mocked dependency was called without a mock loaded: dep1_B. Either load a mock or allowPassThrough.",
  "statusCode": 500,
}
`;

exports[`RnpExample callBUnloaded_Recorder 1`] = `
{
  "b": Any<String>,
}
`;

exports[`RnpExample callDTwice 1`] = `
{
  "d1": "real D_usedTwiceInOneCallMethod-0.1646371768088688",
  "d2": "real D_usedTwiceInOneCallMethod-0.5056626165727529",
}
`;

exports[`RnpExample callPrototypeDep 1`] = `
{
  "x": "real prototypeMethod-0.3625906666354404",
}
`;

exports[`RnpExample callUnlistedDep 1`] = `
{
  "z": Any<String>,
}
`;

exports[`RnpExample callUnmappedMethod_Mocked 1`] = `
{
  "error": "NotImplementedError",
  "message": "Failed to callUnmappedMethod: Unmapped method was called: dep1_A.unmappedMethod. Method must be listed and either mocked or specify allowPassThrough.",
  "statusCode": 501,
}
`;

exports[`RnpExample callUnmappedMethod_Recorder 1`] = `
{
  "unmapped": Any<String>,
}
`;
