// Jest Snapshot v1, https://goo.gl/fbAQLP

exports[`RnpExample useABC 1`] = `
{
  "a": "real methodA-0.034080353463923796",
  "b": "real methodB-0.39351069588009646",
  "c": Any<String>,
}
`;

exports[`RnpExample useB 1`] = `
{
  "b": "real methodB-0.2923468171146517",
}
`;

exports[`RnpExample useDTwice 1`] = `
{
  "d1": "real methodD-0.1248116055553734",
  "d2": "real methodD-0.6261969755482932",
}
`;

exports[`RnpExample useProtoDep 1`] = `
{
  "x": "real methodX-0.36103557228007754",
}
`;

exports[`RnpExample useUnlistedDep 1`] = `
{
  "z": Any<String>,
}
`;

exports[`RnpExample useUnmappedMethodMocked 1`] = `
{
  "error": "FailedDependencyError",
  "message": "Failed to useUnmappedMethod: Unmocked method was called: dep1_A.methodUnmapped",
  "statusCode": 424,
}
`;

exports[`RnpExample useUnmappedMethodRecorder 1`] = `
{
  "unmapped": Any<String>,
}
`;
